LmHandler.c:1270:13:LmHandlerPackageIsInitialized	8	static
LmHandler.c:1282:13:LmHandlerPackagesNotify	24	static
LmHandler.c:975:13:McpsConfirm	8	static
LmHandler.c:1325:13:LmHandlerPackagesProcess	16	static
LmHandler.c:1981:13:DisplayClassUpdate	16	static
LmHandler.c:956:31:LmHandlerSetSystemMaxRxError	48	static
LmHandler.c:1987:13:PrintKey	120	static
LmHandler.c:740:24:LmHandlerDeviceTimeReq	32	static
LmHandler.c:335:24:LmHandlerConfigure	128	static
LmHandler.c:498:6:LmHandlerProcess	8	static
LmHandler.c:588:23:LmHandlerJoinStatus	48	static
LmHandler.c:613:24:LmHandlerStop	8	static
LmHandler.c:721:24:LmHandlerLinkCheckReq	32	static
LmHandler.c:809:24:LmHandlerRequestClass	48	static
LmHandler.c:511:6:LmHandlerJoin	64	static
LmHandler.c:478:6:LmHandlerIsBusy	8	static
LmHandler.c:625:24:LmHandlerSend	48	static
LmHandler.c:1150:13:MlmeIndication	16	static
LmHandler.c:908:24:LmHandlerGetCurrentClass	48	static
LmHandler.c:990:13:McpsIndication	32	static
LmHandler.c:926:24:LmHandlerGetTxDatarate	48	static
LmHandler.c:1049:13:MlmeConfirm	48	static
LmHandler.c:945:24:LmHandlerGetActiveRegion	0	static
LmHandler.c:1234:24:LmHandlerPackageRegister	16	static
LmHandler.c:306:24:LmHandlerInit	8	static
LmHandler.c:1338:24:LmHandlerGetDevEUI	48	static
LmHandler.c:1355:24:LmHandlerSetDevEUI	48	static
LmHandler.c:1381:24:LmHandlerGetAppEUI	48	static
LmHandler.c:1399:24:LmHandlerSetAppEUI	48	static
LmHandler.c:1421:24:LmHandlerGetNetworkID	48	static
LmHandler.c:1439:24:LmHandlerSetNetworkID	48	static
LmHandler.c:1461:24:LmHandlerGetDevAddr	48	static
LmHandler.c:1479:24:LmHandlerSetDevAddr	48	static
LmHandler.c:1505:24:LmHandlerSetActiveRegion	8	static
LmHandler.c:1520:24:LmHandlerGetAdrEnable	0	static
LmHandler.c:1531:24:LmHandlerSetAdrEnable	48	static
LmHandler.c:1545:24:LmHandlerSetTxDatarate	48	static
LmHandler.c:1565:24:LmHandlerGetDutyCycleEnable	0	static
LmHandler.c:1576:24:LmHandlerSetDutyCycleEnable	8	static
LmHandler.c:1584:24:LmHandlerGetRX2Params	48	static
LmHandler.c:1604:24:LmHandlerGetTxPower	48	static
LmHandler.c:1622:24:LmHandlerGetRx1Delay	48	static
LmHandler.c:1640:24:LmHandlerGetRx2Delay	48	static
LmHandler.c:1658:24:LmHandlerGetJoinRx1Delay	48	static
LmHandler.c:1676:24:LmHandlerGetJoinRx2Delay	48	static
LmHandler.c:1694:24:LmHandlerSetTxPower	48	static
LmHandler.c:1708:24:LmHandlerSetRX2Params	48	static
LmHandler.c:1723:24:LmHandlerSetRx1Delay	48	static
LmHandler.c:1736:24:LmHandlerSetRx2Delay	48	static
LmHandler.c:1749:24:LmHandlerSetJoinRx1Delay	48	static
LmHandler.c:1762:24:LmHandlerSetJoinRx2Delay	48	static
LmHandler.c:1775:24:LmHandlerGetPingPeriodicity	0	static
LmHandler.c:1790:24:LmHandlerSetPingPeriodicity	0	static
LmHandler.c:1809:24:LmHandlerGetBeaconState	0	static
LmHandler.c:1831:24:LmHandlerGetNwkKey	16	static
LmHandler.c:1847:24:LmHandlerSetNwkKey	48	static
LmHandler.c:1868:24:LmHandlerGetAppKey	16	static
LmHandler.c:1884:24:LmHandlerSetAppKey	48	static
LmHandler.c:1905:24:LmHandlerGetNwkSKey	16	static
LmHandler.c:1921:24:LmHandlerSetNwkSKey	48	static
LmHandler.c:1943:24:LmHandlerGetAppSKey	16	static
LmHandler.c:1959:24:LmHandlerSetAppSKey	48	static
