LoRaMacCrypto.c:300:30:PrepareB0	8	static
LoRaMacCrypto.c:540:30:GetKeyAddrItem	4	static
LoRaMacCrypto.c:708:30:GetLastFcntDown	0	static
LoRaMacCrypto.c:762:13:CheckFCntDown	16	static
LoRaMacCrypto.c:789:13:UpdateFCntDown	0	static
LoRaMacCrypto.c:830:13:ResetFCnts	0	static
LoRaMacCrypto.c:365:30:ComputeCmacB0	56	static
LoRaMacCrypto.c:562:30:DeriveSessionKey10x	24	static
LoRaMacCrypto.c:158:30:PayloadEncrypt	56	static
LoRaMacCrypto.c:401:30:VerifyCmacB0	312	static
LoRaMacCrypto.c:847:23:LoRaMacCryptoInit	8	static
LoRaMacCrypto.c:872:23:LoRaMacCryptoSetLrWanVersion	0	static
LoRaMacCrypto.c:878:23:LoRaMacCryptoGetFCntUp	0	static
LoRaMacCrypto.c:890:23:LoRaMacCryptoGetFCntDown	24	static
LoRaMacCrypto.c:966:23:LoRaMacCryptoSetMulticastReference	4	static
LoRaMacCrypto.c:1002:23:LoRaMacCryptoPrepareJoinRequest	24	static
LoRaMacCrypto.c:1303:23:LoRaMacCryptoSecureMessage	32	static
LoRaMacCrypto.c:1411:23:LoRaMacCryptoUnsecureMessage	56	static
LoRaMacCrypto.c:1509:23:LoRaMacCryptoDeriveMcRootKey	24	static
LoRaMacCrypto.c:1530:23:LoRaMacCryptoDeriveMcKEKey	24	static
LoRaMacCrypto.c:981:23:LoRaMacCryptoSetKey	8	static
LoRaMacCrypto.c:1131:23:LoRaMacCryptoHandleJoinAccept	80	static
LoRaMacCrypto.c:1547:23:LoRaMacCryptoDeriveMcSessionKeyPair	48	static
