LoRaMacCommands.c:94:13:IsSlotFree	0	static
LoRaMacCommands.c:113:22:MallocNewMacCommandSlot	16	static
LoRaMacCommands.c:156:13:LinkedListInit	0	static
LoRaMacCommands.c:176:13:LinkedListAdd	0	static
LoRaMacCommands.c:211:22:LinkedListGetPrevious	0	static
LoRaMacCommands.c:247:13:LinkedListRemove	16	static
LoRaMacCommands.c:283:13:IsSticky	0	static
LoRaMacCommands.c:136:13:FreeMacCommandSlot	8	static
LoRaMacCommands.c:297:24:LoRaMacCommandsInit	8	static
LoRaMacCommands.c:307:24:LoRaMacCommandsAddCmd	24	static
LoRaMacCommands.c:340:24:LoRaMacCommandsRemoveCmd	8	static
LoRaMacCommands.c:364:24:LoRaMacCommandsGetCmd	0	static
LoRaMacCommands.c:388:24:LoRaMacCommandsRemoveNoneStickyCmds	8	static
LoRaMacCommands.c:414:24:LoRaMacCommandsRemoveStickyAnsCmds	16	static
LoRaMacCommands.c:436:24:LoRaMacCommandsGetSizeSerializedCmds	0	static
LoRaMacCommands.c:446:24:LoRaMacCommandsSerializeCmds	24	static
LoRaMacCommands.c:489:24:LoRaMacCommandsStickyCmdsPending	0	static
LoRaMacCommands.c:515:9:LoRaMacCommandsGetCmdSize	0	static
