LoRaMac.c:721:13:OnRadioRxError	8	static
LoRaMac.c:742:13:UpdateRxSlotIdleState	0	static
LoRaMac.c:1370:13:LoRaMacEnableRequests	0	static
LoRaMac.c:1434:13:LoRaMacHandleIndicationEvents	48	static
LoRaMac.c:1550:13:LoRaMacCheckForRxAbort	0	static
LoRaMac.c:1928:13:SetMlmeScheduleUplinkIndication	0	static
LoRaMac.c:2609:13:CalculateBackOff	0	static
LoRaMac.c:2948:24:SetTxContinuousWave1	8	static
LoRaMac.c:2957:19:GetNvmData	0	static
LoRaMac.c:3039:24:DetermineFrameType	0	static
LoRaMac.c:3091:13:CheckRetransUnconfirmedUplink	0	static
LoRaMac.c:3117:13:CheckRetransConfirmedUplink	0	static
LoRaMac.c:3135:13:StopRetransmission	0	static
LoRaMac.c:3156:13:CallNvmDataChangeCallback	8	static
LoRaMac.c:3200:16:IsRequestPending	0	static
LoRaMac.c:3165:13:AckTimeoutRetriesProcess	24	static
LoRaMac.c:1889:16:GetMaxAppPayloadWithoutFOptsLength	24	static
LoRaMac.c:1910:13:ValidatePayloadLength	16	static
LoRaMac.c:754:13:ProcessRadioTxDone	80	static
LoRaMac.c:1728:13:OnAckTimeoutTimerEvent	8	static
LoRaMac.c:800:13:PrepareRxDoneAbort	8	static
LoRaMac.c:1536:16:LoRaMacCheckForBeaconAcquisition	8	static
LoRaMac.c:1746:30:GetFCntDown	16	static
LoRaMac.c:2621:13:RemoveMacCommands	8	static
LoRaMac.c:1933:13:ProcessMacCommands	96	static
LoRaMac.c:815:13:ProcessRadioRxDone	168	static
LoRaMac.c:1233:13:ProcessRadioTxTimeout	8	static
LoRaMac.c:2392:24:CheckForClassBCollision	8	static
LoRaMac.c:1250:13:HandleRadioRxErrorTimeout	24	static
LoRaMac.c:1315:13:ProcessRadioRxError	8	static
LoRaMac.c:1320:13:ProcessRadioRxTimeout	8	static
LoRaMac.c:1325:13:LoRaMacHandleIrqEvents	8	static,ignoring_inline_asm
LoRaMac.c:1515:13:LoRaMacHandleMlmeRequest	8	static
LoRaMac.c:3184:13:AckTimeoutRetriesFinalize	24	static
LoRaMac.c:2461:24:SerializeTxFrame	8	static
LoRaMac.c:2413:13:ComputeRxWindowParameters	24	static
LoRaMac.c:2442:24:VerifyTxFrame	16	static
LoRaMac.c:2567:24:SecureFrame	24	static
LoRaMac.c:2867:24:SendFrameOnChannel	40	static
LoRaMac.c:2491:24:ScheduleTx	72	static
LoRaMac.c:1672:13:OnTxDelayedTimerEvent	8	static
LoRaMac.c:1461:13:LoRaMacHandleMcpsRequest	8	static
LoRaMac.c:1375:13:LoRaMacHandleRequestEvents	16	static
LoRaMac.c:1419:13:LoRaMacHandleScheduleUplinkEvent	16	static
LoRaMac.c:1560:13:LoRaMacHandleNvm	16	static
LoRaMac.c:2962:17:RestoreNvmData	16	static
LoRaMac.c:2740:13:OpenContinuousRxCWindow	24	static
LoRaMac.c:2726:13:RxWindowSetup	8	static
LoRaMac.c:1710:13:OnRxWindow2TimerEvent	8	static
LoRaMac.c:1698:13:OnRxWindow1TimerEvent	8	static
LoRaMac.c:731:13:OnRadioRxTimeout	8	static
LoRaMac.c:710:13:OnRadioTxTimeout	8	static
LoRaMac.c:693:13:OnRadioRxDone	24	static
LoRaMac.c:679:13:OnRadioTxDone	24	static
LoRaMac.c:2642:13:ResetMacParameters	80	static
LoRaMac.c:1804:24:SwitchClass	24	static
LoRaMac.c:2349:24:SendReJoinReq	16	static
LoRaMac.c:2930:24:SetTxContinuousWave	24	static
LoRaMac.c:2762:24:PrepareFrame	40	static
LoRaMac.c:2263:24:Send	72	static
LoRaMac.c:1359:6:LoRaMacIsBusy	0	static
LoRaMac.c:1636:6:LoRaMacProcess	8	static
LoRaMac.c:3211:17:LoRaMacInitialization	80	static
LoRaMac.c:3408:17:LoRaMacStart	0	static
LoRaMac.c:3414:17:LoRaMacStop	8	static
LoRaMac.c:3428:17:LoRaMacQueryTxPossible	48	static
LoRaMac.c:3486:17:LoRaMacMibGetRequestConfirm	24	static
LoRaMac.c:3680:17:LoRaMacMibSetRequestConfirm	32	static
LoRaMac.c:4357:17:LoRaMacChannelAdd	32	static
LoRaMac.c:4375:17:LoRaMacChannelRemove	16	static
LoRaMac.c:4396:17:LoRaMacMcChannelSetup	32	static
LoRaMac.c:4491:17:LoRaMacMcChannelDelete	48	static
LoRaMac.c:4513:9:LoRaMacMcChannelGetGroupId	0	static
LoRaMac.c:4525:17:LoRaMacMcChannelSetupRxParams	32	static
LoRaMac.c:4586:17:LoRaMacMlmeRequest	24	static
LoRaMac.c:4740:17:LoRaMacMcpsRequest	64	static
LoRaMac.c:4856:6:LoRaMacTestSetDutyCycleOn	16	static
LoRaMac.c:4868:17:LoRaMacDeInitialization	16	static
