RegionCN779.c:57:13:VerifyRfFreq	8	static
RegionCN779.c:72:20:GetTimeOnAir	32	static
RegionCN779.c:90:12:RegionCN779GetPhyParam	32	static
RegionCN779.c:300:6:RegionCN779SetBandTxDone	24	static
RegionCN779.c:308:6:RegionCN779InitDefaults	40	static
RegionCN779.c:367:6:RegionCN779Verify	8	static
RegionCN779.c:467:6:RegionCN779ChanMaskSet	8	static
RegionCN779.c:491:6:RegionCN779ComputeRxWindowParameters	32	static
RegionCN779.c:513:6:RegionCN779RxConfig	72	static
RegionCN779.c:578:6:RegionCN779TxConfig	88	static
RegionCN779.c:620:9:RegionCN779LinkAdrReq	96	static
RegionCN779.c:727:9:RegionCN779RxParamSetupReq	16	static
RegionCN779.c:807:8:RegionCN779TxParamSetupReq	0	static
RegionCN779.c:813:8:RegionCN779DlChannelReq	8	static
RegionCN779.c:840:8:RegionCN779AlternateDr	0	static
RegionCN779.c:845:17:RegionCN779NextChannel	112	static
RegionCN779.c:900:17:RegionCN779ChannelAdd	24	static
RegionCN779.c:963:6:RegionCN779ChannelsRemove	8	static
RegionCN779.c:406:6:RegionCN779ApplyCFList	40	static
RegionCN779.c:754:8:RegionCN779NewChannelReq	24	static
RegionCN779.c:982:6:RegionCN779SetContinuousWave	16	static
RegionCN779.c:996:9:RegionCN779ApplyDrOffset	0	static
RegionCN779.c:1011:6:RegionCN779RxBeaconSetup	40	static
