RegionRU864.c:57:13:VerifyRfFreq	8	static
RegionRU864.c:73:20:GetTimeOnAir	32	static
RegionRU864.c:91:12:RegionRU864GetPhyParam	32	static
RegionRU864.c:301:6:RegionRU864SetBandTxDone	24	static
RegionRU864.c:309:6:RegionRU864InitDefaults	40	static
RegionRU864.c:366:6:RegionRU864Verify	8	static
RegionRU864.c:466:6:RegionRU864ChanMaskSet	8	static
RegionRU864.c:490:6:RegionRU864ComputeRxWindowParameters	32	static
RegionRU864.c:512:6:RegionRU864RxConfig	72	static
RegionRU864.c:578:6:RegionRU864TxConfig	88	static
RegionRU864.c:620:9:RegionRU864LinkAdrReq	88	static
RegionRU864.c:727:9:RegionRU864RxParamSetupReq	16	static
RegionRU864.c:807:8:RegionRU864TxParamSetupReq	0	static
RegionRU864.c:813:8:RegionRU864DlChannelReq	8	static
RegionRU864.c:840:8:RegionRU864AlternateDr	0	static
RegionRU864.c:849:17:RegionRU864NextChannel	104	static
RegionRU864.c:904:17:RegionRU864ChannelAdd	24	static
RegionRU864.c:967:6:RegionRU864ChannelsRemove	8	static
RegionRU864.c:405:6:RegionRU864ApplyCFList	40	static
RegionRU864.c:754:8:RegionRU864NewChannelReq	24	static
RegionRU864.c:986:6:RegionRU864SetContinuousWave	16	static
RegionRU864.c:1000:9:RegionRU864ApplyDrOffset	0	static
RegionRU864.c:1015:6:RegionRU864RxBeaconSetup	40	static
