radio.c:1090:13:RadioCheckRfFrequency	0	static
radio.c:1095:17:RadioGetLoRaBandwidthInHz	0	static
radio.c:1136:17:RadioGetGfskTimeOnAirNumerator	0	static
radio.c:1147:17:RadioGetLoRaTimeOnAirNumerator	16	static
radio.c:1211:17:RadioTimeOnAir	40	static
radio.c:1549:13:RadioOnTxTimeoutProcess	8	static
radio.c:1539:13:RadioOnTxTimeoutIrq	8	static
radio.c:1561:13:RadioOnRxTimeoutProcess	8	static
radio.c:1544:13:RadioOnRxTimeoutIrq	8	static
radio.c:1755:13:payload_integration	20	static
radio.c:1498:13:RadioSetMaxPayloadLength	8	static
radio.c:1483:16:RadioRead	8	static
radio.c:1478:13:RadioWrite	8	static
radio.c:1748:13:RadioTxCw	8	static
radio.c:1740:13:RadioTxPrbs	8	static
radio.c:1435:13:RadioSetRxDutyCycle	16	static
radio.c:1403:13:RadioRxBoosted	16	static
radio.c:1360:13:RadioStandby	8	static
radio.c:680:21:RadioGetStatus	8	static
radio.c:1580:13:RadioIrqProcess	24	static
radio.c:1573:13:RadioOnDioIrq	8	static
radio.c:1534:17:RadioGetWakeupTime	8	static
radio.c:1493:13:RadioReadRegisters	8	static
radio.c:1488:13:RadioWriteRegisters	8	static
radio.c:1473:16:RadioRssi	8	static
radio.c:1455:13:RadioSetTxContinuousWave	16	static
radio.c:738:13:RadioSetChannel	8	static
radio.c:1443:13:RadioStartCad	8	static
radio.c:1365:13:RadioRx	16	static
radio.c:1350:13:RadioSleep	8	static
radio.c:1244:13:RadioSend	24	static
radio.c:695:13:RadioSetModem	8	static
radio.c:1968:16:RadioSetTxGenericConfig	48	static
radio.c:1792:16:RadioSetRxGenericConfig	48	static
radio.c:1515:13:RadioSetPublicNetwork	8	static
radio.c:984:13:RadioSetTxConfig	48	static
radio.c:801:13:RadioSetRxConfig	64	static
radio.c:783:17:RadioRandom	8	static
radio.c:743:13:RadioIsChannelFree	64	static
radio.c:640:13:RadioInit	24	static
