mcu_api.c:484:13:Delay_Lp	24	static
mcu_api.c:512:13:OnTimerDelayEvt	8	static
mcu_api.c:523:13:OnTimerTimeoutEvt	8	static
mcu_api.c:115:8:MCU_API_malloc	0	static
mcu_api.c:142:8:MCU_API_free	0	static
mcu_api.c:156:8:MCU_API_get_voltage_temperature	32	static
mcu_api.c:181:8:MCU_API_delay	8	static
mcu_api.c:284:8:MCU_API_get_nv_mem	8	static
mcu_api.c:304:8:MCU_API_set_nv_mem	8	static
mcu_api.c:324:8:MCU_API_timer_start_carrier_sense	24	static
mcu_api.c:347:8:MCU_API_timer_start	24	static
mcu_api.c:372:8:MCU_API_timer_stop	8	static
mcu_api.c:389:8:MCU_API_timer_stop_carrier_sense	8	static
mcu_api.c:406:8:MCU_API_timer_wait_for_end	8	static
mcu_api.c:424:8:MCU_API_report_test_result	24	static
mcu_api.c:464:8:MCU_API_get_version	0	static
