mn_api.c:348:13:process_MonarchBackGround	8	static
mn_api.c:300:13:MN_TIM_Stop	8	static
mn_api.c:286:13:MN_TIM_Start	8	static
mn_api.c:119:6:MN_API_Init	8	static
mn_api.c:151:6:MN_API_DeInit	8	static
mn_api.c:170:6:MN_API_StartRx	8	static
mn_api.c:185:6:MN_API_StopRx	0	static
mn_api.c:197:6:MN_API_change_frequency	8	static
mn_api.c:212:6:MN_API_Enable16KHzSamplingTimer	8	static
mn_api.c:223:6:MN_API_Disable16KHzSamplingTimer	8	static
mn_api.c:234:6:MN_API_Pattern_Found	24	static
mn_api.c:253:6:MN_API_TimerSart	24	static
mn_api.c:268:6:MN_API_TimerStop	8	static
mn_api.c:317:6:HAL_LPTIM_AutoReloadMatchCallback	8	static
