rf_api.c:629:13:OnRxError	8	static
rf_api.c:613:13:OnRxTimeout	8	static
rf_api.c:599:13:OnTxTimeout	8	static
rf_api.c:565:13:OnTxDone	8	static
rf_api.c:579:13:OnRxDone	8	static
rf_api.c:645:15:sfx_wait_end_of_rx	16	static
rf_api.c:668:6:RF_API_isChannelFree	16	static
rf_api.c:137:8:RF_API_init	56	static
rf_api.c:258:8:RF_API_stop	8	static
rf_api.c:274:8:RF_API_send	72	static
rf_api.c:348:8:RF_API_start_continuous_transmission	56	static
rf_api.c:413:8:RF_API_stop_continuous_transmission	8	static
rf_api.c:430:8:RF_API_change_frequency	16	static
rf_api.c:447:8:RF_API_wait_frame	24	static
rf_api.c:490:8:RF_API_wait_for_clear_channel	32	static
rf_api.c:539:8:RF_API_get_version	0	static
rf_api.c:696:8:RF_Tx_Local_loop	88	static
