core_cm4.h:1933:34:__NVIC_SystemReset	0	static,ignoring_inline_asm
lora_at.c:2726:16:Char2Nibble	0	static
lora_at.c:2783:16:isHex	0	static
lora_at.c:2749:16:stringToData	32	static
lora_at.c:2687:13:print_u	16	static
lora_at.c:2664:13:print_8_02x	56	static
lora_at.c:2649:13:print_16_02x	112	static
lora_at.c:2634:13:print_uint32_as_02x	24	static
lora_at.c:2676:13:print_d	16	static
lora_at.c:2620:12:sscanf_16_hhx	64	static
lora_at.c:2605:16:sscanf_uint32_as_hhx	16	static
lora_at.c:2709:13:CertifSend	8	static
lora_at.c:2698:13:OnCertifTimer	8	static
lora_at.c:174:12:AT_return_ok_l	0	static
lora_at.c:179:12:AT_return_error_l	0	static
lora_at.c:184:12:AT_selection_get_l	8	static
lora_at.c:201:12:AT_selection_set_l	16	static
lora_at.c:231:12:AT_fw_set_l	8	static
lora_at.c:248:6:AT_event_join	8	static
lora_at.c:266:6:AT_event_receive	72	static
lora_at.c:332:6:AT_event_confirm	8	static
lora_at.c:347:12:AT_reset_l	8	static
lora_at.c:358:12:AT_verbose_get_l	8	static
lora_at.c:370:12:AT_verbose_set_l	16	static
lora_at.c:398:12:AT_LocalTime_get	80	static
lora_at.c:422:12:AT_JoinEUI_get	16	static
lora_at.c:440:12:AT_JoinEUI_set	40	static
lora_at.c:466:12:AT_NwkKey_get	24	static
lora_at.c:485:12:AT_NwkKey_set	24	static
lora_at.c:509:12:AT_AppKey_get	24	static
lora_at.c:528:12:AT_AppKey_set	24	static
lora_at.c:552:12:AT_NwkSKey_get	24	static
lora_at.c:571:12:AT_NwkSKey_set	24	static
lora_at.c:595:12:AT_AppSKey_get	24	static
lora_at.c:614:12:AT_AppSKey_set	24	static
lora_at.c:638:12:AT_DevAddr_get	16	static
lora_at.c:656:12:AT_DevAddr_set	16	static
lora_at.c:678:12:AT_DevEUI_get	16	static
lora_at.c:696:12:AT_DevEUI_set	40	static
lora_at.c:720:12:AT_NetworkID_get	16	static
lora_at.c:738:12:AT_NetworkID_set	16	static
lora_at.c:761:12:AT_Join_get	8	static
lora_at.c:769:12:AT_Join	8	static
lora_at.c:798:12:AT_Link_Check	8	static
lora_at.c:814:12:AT_Send	40	static
lora_at.c:939:12:AT_version_get_l	32	static
lora_at.c:968:12:AT_ADR_get	16	static
lora_at.c:986:12:AT_ADR_set	8	static
lora_at.c:1007:12:AT_DataRate_get	16	static
lora_at.c:1025:12:AT_DataRate_set	16	static
lora_at.c:1052:12:AT_Region_get	72	static
lora_at.c:1076:12:AT_Region_set	16	static
lora_at.c:1105:12:AT_DeviceClass_get	24	static
lora_at.c:1160:12:AT_DeviceClass_set	8	static
lora_at.c:1219:12:AT_DutyCycle_get	16	static
lora_at.c:1237:12:AT_DutyCycle_set	8	static
lora_at.c:1258:12:AT_JoinAcceptDelay1_get	16	static
lora_at.c:1276:12:AT_JoinAcceptDelay1_set	16	static
lora_at.c:1297:12:AT_JoinAcceptDelay2_get	16	static
lora_at.c:1315:12:AT_JoinAcceptDelay2_set	16	static
lora_at.c:1336:12:AT_Rx1Delay_get	16	static
lora_at.c:1354:12:AT_Rx1Delay_set	16	static
lora_at.c:1375:12:AT_Rx2Delay_get	16	static
lora_at.c:1393:12:AT_Rx2Delay_set	16	static
lora_at.c:1414:12:AT_Rx2DataRate_get	16	static
lora_at.c:1428:12:AT_Rx2DataRate_set	16	static
lora_at.c:1458:12:AT_Rx2Frequency_get	16	static
lora_at.c:1472:12:AT_Rx2Frequency_set	16	static
lora_at.c:1498:12:AT_TransmitPower_get	16	static
lora_at.c:1516:12:AT_TransmitPower_set	16	static
lora_at.c:1538:12:AT_PingSlot_get	16	static
lora_at.c:1557:12:AT_PingSlot_set	16	static
lora_at.c:1583:12:AT_Network_Type_get	8	static
lora_at.c:1600:12:AT_Network_Type_set	8	static
lora_at.c:1626:12:AT_test_txTone	8	static
lora_at.c:1644:12:AT_test_rxRssi	8	static
lora_at.c:1662:12:AT_test_get_config	144	static
lora_at.c:1719:12:AT_test_set_config	160	static
lora_at.c:1932:12:AT_test_tx	16	static
lora_at.c:1961:12:AT_test_rx	16	static
lora_at.c:1989:12:AT_Certif	24	static
lora_at.c:2018:12:AT_test_tx_hopping	96	static
lora_at.c:2080:12:AT_test_stop	8	static
lora_at.c:2093:12:AT_test_Modulation_Tx	8	static
lora_at.c:2114:12:AT_test_Modulation_Rx	8	static
lora_at.c:2135:12:AT_P2P_get_config	144	static
lora_at.c:2193:12:AT_P2P_set_config	160	static
lora_at.c:2408:12:AT_P2P_Tx	272	static
lora_at.c:2454:12:AT_P2P_Rx	8	static
lora_at.c:2475:12:AT_write_register	16	static
lora_at.c:2507:12:AT_read_register	24	static
lora_at.c:2537:12:AT_bat_get_l	8	static
lora_at.c:2551:12:AT_CertiSend	8	static
lora_at.c:2597:12:AT_sw_version_get_l	16	static
