lora_eeprom_if.c:580:6:E2P_LORA_Write	8	static
lora_eeprom_if.c:121:6:E2P_LORA_RestoreFs	24	static
lora_eeprom_if.c:100:6:E2P_LORA_Init	8	static
lora_eeprom_if.c:173:6:E2P_LORA_Write_Class	8	static
lora_eeprom_if.c:202:6:E2P_LORA_Write_Type	8	static
lora_eeprom_if.c:231:6:E2P_LORA_Write_Mode	8	static
lora_eeprom_if.c:259:6:E2P_LORA_FW_Write_Mode	8	static
lora_eeprom_if.c:289:6:E2P_LORA_Write_Network_Type	8	static
lora_eeprom_if.c:330:6:E2P_LORA_Write_Appeui	24	static
lora_eeprom_if.c:384:6:E2P_LORA_Write_Appkey	40	static
lora_eeprom_if.c:440:6:E2P_LORA_Write_Nwkkey	40	static
lora_eeprom_if.c:495:6:E2P_LORA_Write_App_S_key	40	static
lora_eeprom_if.c:551:6:E2P_LORA_Write_Nwk_S_key	40	static
lora_eeprom_if.c:594:6:E2P_LORA_Read	8	static
lora_eeprom_if.c:160:9:E2P_LORA_Read_Class	16	static
lora_eeprom_if.c:189:9:E2P_LORA_Read_Type	16	static
lora_eeprom_if.c:218:9:E2P_LORA_Read_Mode	16	static
lora_eeprom_if.c:246:9:E2P_LORA_FW_Read_Mode	16	static
lora_eeprom_if.c:275:9:E2P_LORA_Read_Network_Type	16	static
lora_eeprom_if.c:304:6:E2P_LORA_Read_Appeui	32	static
lora_eeprom_if.c:356:6:E2P_LORA_Read_Appkey	48	static
lora_eeprom_if.c:412:6:E2P_LORA_Read_Nwkkey	48	static
lora_eeprom_if.c:467:6:E2P_LORA_Read_App_S_key	48	static
lora_eeprom_if.c:522:6:E2P_LORA_Read_Nwk_S_key	48	static
