test_rf.c:598:16:Prbs9_generator	24	static
test_rf.c:528:6:OnTxDone	8	static
test_rf.c:541:6:OnRxDone	8	static
test_rf.c:559:6:OnTxTimeout	8	static
test_rf.c:572:6:OnRxTimeout	8	static
test_rf.c:585:6:OnRxError	8	static
test_rf.c:145:9:TST_TxTone	8	static
test_rf.c:169:9:TST_RxRssi	96	static
test_rf.c:230:10:TST_set_config	8	static
test_rf.c:243:9:TST_get_config	8	static
test_rf.c:255:9:TST_stop	8	static
test_rf.c:271:9:TST_TX_Start	96	static
test_rf.c:381:9:TST_RX_Start	120	static
test_rf.c:621:9:TST_Modu_TX_Start	80	static
test_rf.c:697:9:TST_Modu_RX_Start	104	static
test_rf.c:827:10:P2P_set_config	8	static
test_rf.c:840:9:P2P_get_config	8	static
test_rf.c:852:9:P2P_TX_Start	336	static
test_rf.c:961:9:P2P_RX_Start	344	static
