core_cm4.h:1933:34:__NVIC_SystemReset	0	static,ignoring_inline_asm
sgfx_at.c:1931:20:isHex	0	static
sgfx_at.c:1951:16:Char2Nibble	0	static
sgfx_at.c:1876:13:print_u	16	static
sgfx_at.c:1846:13:print_rx	24	static
sgfx_at.c:1862:13:print_n	24	static
sgfx_at.c:1887:20:stringToData	32	static
sgfx_at.c:1977:20:SIGFOX_reopen_and_reconf	48	static
sgfx_at.c:2086:20:testmode_12	40	static
sgfx_at.c:176:12:AT_return_ok	0	static
sgfx_at.c:181:12:AT_return_error	0	static
sgfx_at.c:186:12:AT_reset	8	static
sgfx_at.c:197:12:AT_selection_get	8	static
sgfx_at.c:216:12:AT_selection_set	24	static
sgfx_at.c:250:12:AT_fw_set	8	static
sgfx_at.c:266:12:AT_restore_factory_settings	8	static
sgfx_at.c:279:12:AT_SendBit	40	static
sgfx_at.c:339:12:AT_SendFrame	56	static
sgfx_at.c:408:12:AT_SendHexFrame	56	static
sgfx_at.c:509:12:AT_version_get	32	static
sgfx_at.c:547:12:AT_DevPac_get	24	static
sgfx_at.c:574:12:AT_DevId_get	24	static
sgfx_at.c:600:12:AT_PublicKey_set	8	static
sgfx_at.c:624:12:AT_PublicKey_get	16	static
sgfx_at.c:637:12:AT_PayloadEncryption_set	8	static
sgfx_at.c:661:12:AT_PayloadEncryption_get	16	static
sgfx_at.c:674:12:AT_bat_get	8	static
sgfx_at.c:686:12:AT_test_cw	24	static
sgfx_at.c:741:12:AT_test_pn	32	static
sgfx_at.c:818:12:AT_scan_mn	0	static
sgfx_at.c:932:12:AT_test_mode	40	static
sgfx_at.c:1064:12:AT_power_set	16	static
sgfx_at.c:1084:12:AT_power_get	16	static
sgfx_at.c:1097:12:AT_outOfBand_run	8	static
sgfx_at.c:1110:12:AT_ChannelConfigFcc_set	72	static
sgfx_at.c:1190:12:AT_rc_get	8	static
sgfx_at.c:1250:12:AT_rc_set	48	static
sgfx_at.c:1456:12:AT_rssi_cal_set	16	static
sgfx_at.c:1475:12:AT_rssi_cal_get	16	static
sgfx_at.c:1489:12:AT_echo_set	16	static
sgfx_at.c:1518:12:AT_echo_get	16	static
sgfx_at.c:1532:12:AT_verbose_set	16	static
sgfx_at.c:1562:12:AT_verbose_get	8	static
sgfx_at.c:1575:12:AT_test_rl	80	static
sgfx_at.c:1641:12:AT_test_sl	40	static
sgfx_at.c:1666:12:AT_sw_version_get	16	static
sgfx_at.c:1674:12:AT_Send_P2P_Data	32	static
sgfx_at.c:1738:12:AT_Receive_P2P_Data	64	static
