sgfx_eeprom_if.c:749:13:E2P_Write	8	static
sgfx_eeprom_if.c:763:13:E2P_Read	8	static
sgfx_eeprom_if.c:129:6:E2P_RestoreFs	8	static
sgfx_eeprom_if.c:101:6:E2P_Init	8	static
sgfx_eeprom_if.c:183:8:E2P_Read_Power	16	static
sgfx_eeprom_if.c:224:6:E2P_Write_Power	16	static
sgfx_eeprom_if.c:268:9:E2P_Read_Mode	16	static
sgfx_eeprom_if.c:281:6:E2P_Write_Mode	8	static
sgfx_eeprom_if.c:297:9:E2P_FW_Read_Mode	16	static
sgfx_eeprom_if.c:310:6:E2P_FW_Write_Mode	8	static
sgfx_eeprom_if.c:329:15:E2P_Read_Rc	16	static
sgfx_eeprom_if.c:342:6:E2P_Write_Rc	8	static
sgfx_eeprom_if.c:357:9:E2P_Read_RssiCal	16	static
sgfx_eeprom_if.c:370:6:E2P_Write_RssiCal	8	static
sgfx_eeprom_if.c:385:10:E2P_Read_AtEcho	16	static
sgfx_eeprom_if.c:398:6:E2P_Write_AtEcho	8	static
sgfx_eeprom_if.c:413:16:E2P_Read_KeyType	16	static
sgfx_eeprom_if.c:426:6:E2P_Write_KeyType	8	static
sgfx_eeprom_if.c:441:9:E2P_Read_EncryptionFlag	16	static
sgfx_eeprom_if.c:454:6:E2P_Write_EncryptionFlag	8	static
sgfx_eeprom_if.c:469:9:E2P_Read_VerboseLevel	16	static
sgfx_eeprom_if.c:482:6:E2P_Write_VerboseLevel	8	static
sgfx_eeprom_if.c:497:6:E2P_Read_ConfigWords	8	static
sgfx_eeprom_if.c:563:6:E2P_Write_ConfigWords	16	static
sgfx_eeprom_if.c:632:19:E2P_Read_SeNvm	24	static
sgfx_eeprom_if.c:662:19:E2P_Write_SeNvm	16	static
sgfx_eeprom_if.c:690:19:E2P_Read_McuNvm	24	static
sgfx_eeprom_if.c:716:19:E2P_Write_McuNvm	16	static
