sys_app.c:344:13:tiny_snprintf_like	16	static
sys_app.c:308:13:TimestampNow	32	static
sys_app.c:85:5:SystemApp_Init	24	static
sys_app.c:186:6:UTIL_SEQ_Idle	8	static
sys_app.c:197:9:GetBatteryLevel	16	static
sys_app.c:231:10:GetTemperatureLevel	8	static
sys_app.c:242:6:GetUniqueId	16	static
sys_app.c:282:10:GetDevAddr	8	static
sys_app.c:322:6:UTIL_ADV_TRACE_PreSendHook	8	static
sys_app.c:333:6:UTIL_ADV_TRACE_PostSendHook	8	static
sys_app.c:367:19:HAL_InitTick	0	static
sys_app.c:382:10:HAL_GetTick	8	static
sys_app.c:397:6:HAL_Delay	16	static
